// Jest Snapshot v1, https://goo.gl/fbAQLP

exports[`Spinner Matches with snapshot 1`] = `
<div
  className="lds-facebook"
>
  <div />
  <div />
  <div />
</div>
`;
