// Jest Snapshot v1, https://goo.gl/fbAQLP

exports[`Component:Post Matches with snapshot 1`] = `
<div
  className="post"
>
  <div
    className="post-body"
  >
    <p>
      Some text
    </p>
  </div>
  <div
    className="post-date"
  >
    2019/04/15, 06:41
  </div>
</div>
`;
