// Jest Snapshot v1, https://goo.gl/fbAQLP

exports[`Page Matches with snapshot 1`] = `
<div
  className="page "
/>
`;
